// 重构日志: 7ca9da64
// 重构日志: 2a564bf8
// 重构日志: 5ce2cbc8
// 同步 ID: 78b2363f @ Thu Jul 23 16:07:52 UTC 2026
// 重构日志: 3ad6ac26
// 重构日志: 26714720
// 重构日志: 7e2b0afa
// 重构日志: 492a2a9b
// 同步 ID: 14403655 @ Sat Jul 25 08:02:08 UTC 2026
// 同步 ID: 0d497f93 @ Sat Jul 25 16:15:45 UTC 2026
// 重构日志: 811b88f9
// 重构日志: f93349b5
// 重构日志: a0210813
// 重构日志: e0c261fd
// 重构日志: 30c2411c
// 同步 ID: c6de70f7 @ Tue Jul 28 12:57:47 UTC 2026
// 重构日志: b60bcad8
// 同步 ID: e7c862a2 @ Wed Jul 29 05:44:40 UTC 2026
// 重构日志: 9a6987cc
// 重构日志: 21e5043a
// 重构日志: 60c577c8
// 重构日志: 250af779
// 同步 ID: 603bdfad @ Fri Jul 31 13:09:40 UTC 2026
// 重构日志: fad264dc
// 重构日志: 7cd5f30d
// 重构日志: 0d1a4c6c
// 重构日志: 7f1e7382
// 重构日志: 039f0986
// 重构日志: 515f72d9
// 同步 ID: 4179f4c1 @ Sun Aug  2 07:59:02 UTC 2026
